// Jest Snapshot v1, https://goo.gl/fbAQLP

exports[`<CardList/> renders properly> with  passed props 1`] = `
<ul
  class="CardListstyles__Wrapper-sc-1dfnl2s-0 cPSuUq"
>
  <li
    class="ListItemstyles__Wrapper-znqbkm-0 hcVLBz"
  >
    <p
      class="Paragraph-sc-1iyx54k-0 clzspR"
    >
      Bread
    </p>
    <p
      class="Paragraph-sc-1iyx54k-0 ListItemstyles__Stock-znqbkm-1 clzspR fxYTZj"
    >
      15
    </p>
    <p
      class="Paragraph-sc-1iyx54k-0 clzspR"
    >
      kg
    </p>
  </li>
</ul>
`;
